
Clover EFI installer log - Sun Jun 17 17:52:00 PDT 2018
Installer version: v2.4k r4548 EFI bootloader
======================================================
/dev/disk0 (internal, physical):
   #:                       TYPE NAME                    SIZE       IDENTIFIER
   0:      GUID_partition_scheme                        *256.1 GB   disk0
   1:                        EFI EFI                     314.6 MB   disk0s1
   2:       Microsoft Basic Data                         64.4 GB    disk0s2
   3:       Microsoft Basic Data                         536.9 MB   disk0s3
   4:       Microsoft Basic Data 本地磁盘                75.2 GB    disk0s4
   5:                 Apple_APFS Container disk1         62.3 GB    disk0s5

/dev/disk1 (synthesized):
   #:                       TYPE NAME                    SIZE       IDENTIFIER
   0:      APFS Container Scheme -                      +62.3 GB    disk1
                                 Physical Store disk0s5
   1:                APFS Volume mac                     14.1 GB    disk1s1
   2:                APFS Volume Preboot                 21.0 MB    disk1s2
   3:                APFS Volume Recovery                518.1 MB   disk1s3
   4:                APFS Volume VM                      2.1 GB     disk1s4

/dev/disk2 (external, physical):
   #:                       TYPE NAME                    SIZE       IDENTIFIER
   0:      GUID_partition_scheme                        *32.0 GB    disk2
   1:                        EFI EFI                     209.7 MB   disk2s1
   2:                  Apple_HFS Install macOS High S... 5.4 GB     disk2s2

/dev/disk3 (disk image):
   #:                       TYPE NAME                    SIZE       IDENTIFIER
   0:     Apple_partition_scheme                        +159.3 MB   disk3
   1:        Apple_partition_map                         32.3 KB    disk3s1
   2:                  Apple_HFS QQ                      159.3 MB   disk3s2

======================================================
Backing up EFI files

Backing up stage2 file /Volumes/Untitled 1/EFIROOTDIR/boot  to /Volumes/Untitled 1/EFI-Backups/r4423/2018-06-17-17h52/boot
Backing up stage2 file /Volumes/Untitled 1/EFIROOTDIR/boot1 to /Volumes/Untitled 1/EFI-Backups/r4423/2018-06-17-17h52/boot1
Backing up stage2 file /Volumes/Untitled 1/EFIROOTDIR/boot6 to /Volumes/Untitled 1/EFI-Backups/r4423/2018-06-17-17h52/boot6
Backing up /Volumes/Untitled 1/EFIROOTDIR/EFI folder to /Volumes/Untitled 1/EFI-Backups/r4423/2018-06-17-17h52/EFI
======================================================
Installing BootSectors/BootLoader

Stage 0 - Don't write any of boot0af, boot0md, boot0ss to /Volumes/Untitled 1
Stage 1 - Don't write any of boot1h2, boot1f32alt, boot1xalt to /Volumes/Untitled 1
Stage 2 - Written boot6 (x64) to /Volumes/Untitled 1/boot

Removing drivers64UEFI/VBoxHfs-64.efi driver because HFSPlus driver present

Theme 'BGM' (defined in config.plist) not found !
Using default theme 'black_green'
======================================================
=========== Clover EFI Installation Finish ===========
======================================================
